# column   1     --> step : The current simulation time step.
# column   2     --> potential{electronvolt} : The physical system potential energy.
    0.00000000e+00     1.95280225e-04   
    1.00000000e+00     1.95280225e-04   
    2.00000000e+00     1.95280225e-04   
    3.00000000e+00     1.95280225e-04   
    4.00000000e+00     1.95280225e-04   
    5.00000000e+00     1.95280225e-04   
    6.00000000e+00     1.95280225e-04   
    7.00000000e+00     1.95280225e-04   
    8.00000000e+00     1.95280225e-04   
    9.00000000e+00     1.95280225e-04   
    1.00000000e+01     1.95280225e-04   
    1.10000000e+01     1.95280225e-04   
    1.20000000e+01     1.95280225e-04   
    1.30000000e+01     1.95280225e-04   
    1.40000000e+01     1.95280225e-04   
    1.50000000e+01     1.95280225e-04   
    1.60000000e+01     1.95280225e-04   
    1.70000000e+01     1.95280225e-04   
    1.80000000e+01     1.95280225e-04   
