# column   1     --> step : The current simulation time step.
# column   2     --> conserved : The value of the conserved energy quantity per bead.
# column   3     --> temperature{kelvin} : The current temperature, as obtained from the MD kinetic energy.
# column   4     --> potential : The physical system potential energy.
# column   5     --> kinetic_md : The kinetic energy of the (extended) classical system.
# column   6     --> kinetic_cv : The centroid-virial quantum kinetic energy of the physical system.
# column   7     --> spring : The total spring potential energy between the beads of all the ring polymers in the system.
    0.00000000e+00     6.35780316e-03     2.23070349e+02     0.00000000e+00     6.35780316e-03     1.42506684e-03     0.00000000e+00   
    1.00000000e+00     6.35780297e-03     1.84928581e+02    -5.13081340e-07     5.27071176e-03     1.42466218e-03     6.50277713e-06   
    2.00000000e+00     6.35780247e-03     1.66499716e+02    -1.93793009e-06     4.74546447e-03     1.42355157e-03     2.39374095e-05   
    3.00000000e+00     6.35780184e-03     2.04122490e+02    -3.87719814e-06     5.81776385e-03     1.42212048e-03     4.58831247e-05   
    4.00000000e+00     6.35780078e-03     1.94731944e+02    -7.00408145e-06     5.55012073e-03     1.41970330e-03     8.26658199e-05   
    5.00000000e+00     6.35779960e-03     1.89072507e+02    -1.07264246e-05     5.38881919e-03     1.41690719e-03     1.23141031e-04   
    6.00000000e+00     6.35779835e-03     2.33728818e+02    -1.48243515e-05     6.66158377e-03     1.41386954e-03     1.66999718e-04   
    7.00000000e+00     6.35779742e-03     1.98033199e+02    -1.88845030e-05     5.64421090e-03     1.41107759e-03     1.99442375e-04   
    8.00000000e+00     6.35779650e-03     2.49788243e+02    -2.31460734e-05     7.11929885e-03     1.40826912e-03     2.32290590e-04   
    9.00000000e+00     6.35779487e-03     3.68125476e+02    -2.86505500e-05     1.04920682e-02     1.40442693e-03     2.87935573e-04   
