# column   1     --> step : The current simulation time step.
# column   2     --> potential{electronvolt} : The physical system potential energy.
    0.00000000e+00     1.35078549e+01   
    1.00000000e+00     5.65827155e+00   
    2.00000000e+00     1.03608792e-31   
    3.00000000e+00     3.53717318e-32   
