# column   1     --> step : The current simulation time step.
# column   2     --> time{picosecond} : The elapsed simulation time.
# column   3     --> conserved{electronvolt} : The value of the conserved energy quantity per bead.
# column   4     --> temperature{kelvin} : The current temperature, as obtained from the MD kinetic energy.
# column   5     --> kinetic_cv{electronvolt} : The centroid-virial quantum kinetic energy of the physical system.
# column   6     --> potential{electronvolt} : The physical system potential energy.
# column   7     --> pressure_cv{megapascal} : The quantum estimator for pressure of the physical system.
    0.00000000e+00     0.00000000e+00     1.40739852e+02     2.99432342e+02     2.49606489e+01    -5.99126196e+01    -7.11593389e+02   
    2.00000000e+00     1.00000000e-03     1.41280412e+02     2.81516325e+02     4.20189306e+01    -5.11369663e+01    -5.12055314e+02   
    4.00000000e+00     2.00000000e-03     1.41696373e+02     2.28227701e+02     6.15626407e+01    -4.24295793e+01    -6.28154717e+02   
    6.00000000e+00     3.00000000e-03     1.41511266e+02     2.55897081e+02     6.15551570e+01    -4.66079085e+01    -1.03843965e+03   
    8.00000000e+00     4.00000000e-03     1.41544068e+02     3.18610301e+02     6.12013094e+01    -4.61031771e+01    -6.68402426e+02   
    1.00000000e+01     5.00000000e-03     1.41918021e+02     3.50517435e+02     6.80116041e+01    -3.80943862e+01     2.93669161e+02   
