# column   1     --> step : The current simulation time step.
# column   2     --> conserved : The value of the conserved energy quantity per bead.
    0.00000000e+00     6.35780346e-03   
    1.00000000e+00     6.35782781e-03   
    2.00000000e+00     6.35790024e-03   
    3.00000000e+00     6.35801885e-03   
    4.00000000e+00     6.35818055e-03   
    5.00000000e+00     6.35838113e-03   
    6.00000000e+00     6.35861536e-03   
    7.00000000e+00     6.35887715e-03   
    8.00000000e+00     6.35915968e-03   
    9.00000000e+00     6.35945559e-03   
