# column   1     --> step : The current simulation time step.
# column   2     --> time{femtosecond} : The elapsed simulation time.
# column   3     --> conserved : The value of the conserved energy quantity per bead.
# column   4     --> temperature{kelvin} : The current temperature, as obtained from the MD kinetic energy.
# column   5     --> virial_fq : The scalar product of force and position.
# column   6     --> kinetic_td : The primitive quantum kinetic energy of the physical system.
    0.00000000e+00     0.00000000e+00     1.91536808e-03     1.90399136e+01    -2.67510424e-04     1.15570156e-03   
    1.00000000e+02     1.00000000e+02     1.91537165e-03     1.75596020e+01    -4.44351165e-04     7.84162639e-04   
    2.00000000e+02     2.00000000e+02     1.91537278e-03     1.22375591e+01    -5.67816764e-04     7.11665669e-04   
    3.00000000e+02     3.00000000e+02     1.91537611e-03     1.71842447e+01    -7.28881634e-04     3.63158096e-04   
    4.00000000e+02     4.00000000e+02     1.91537445e-03     2.13336164e+01    -6.20022829e-04     5.19153491e-04   
    5.00000000e+02     5.00000000e+02     1.91537251e-03     1.81461266e+01    -4.68098812e-04     6.78121378e-04   
    6.00000000e+02     6.00000000e+02     1.91537374e-03     2.30361062e+01    -4.49120088e-04     4.92606375e-04   
    7.00000000e+02     7.00000000e+02     1.91537738e-03     1.28664916e+01    -4.92380217e-04     1.02187029e-05   
    8.00000000e+02     8.00000000e+02     1.91537387e-03     1.80129605e+01    -4.58434746e-04     4.81390364e-04   
    9.00000000e+02     9.00000000e+02     1.91537230e-03     1.50320227e+01    -5.41019871e-04     7.61621469e-04   
    1.00000000e+03     1.00000000e+03     1.91537576e-03     1.20837227e+01    -6.26486742e-04     3.33046998e-04   
