# column   1     --> step : The current simulation time step.
# column   2     --> potential{electronvolt} : The physical system potential energy.
    0.00000000e+00    -3.02631856e-02   
    1.00000000e+00    -3.26726054e-02   
    2.00000000e+00    -3.53615880e-02   
    3.00000000e+00    -3.83162245e-02   
    4.00000000e+00    -4.15223147e-02   
    5.00000000e+00    -4.49653444e-02   
    6.00000000e+00    -4.86304516e-02   
    7.00000000e+00    -5.25023800e-02   
    8.00000000e+00    -5.65654159e-02   
    9.00000000e+00    -6.08032975e-02   
    1.00000000e+01    -6.51990610e-02   
    1.10000000e+01    -6.97347243e-02   
    1.20000000e+01    -7.43903939e-02   
    1.30000000e+01    -7.90101239e-02   
    1.40000000e+01    -7.89643349e-02   
    1.50000000e+01    -7.89641435e-02   
