# column   1     --> step : The current simulation time step.
# column   2     --> potential{electronvolt} : The physical system potential energy.
    0.00000000e+00    -5.69172696e-02   
    1.00000000e+00    -6.64000668e-02   
    2.00000000e+00    -7.41303579e-02   
    3.00000000e+00    -7.66310379e-02   
    4.00000000e+00    -7.44810258e-02   
    5.00000000e+00    -7.30480680e-02   
    6.00000000e+00    -7.29795472e-02   
    7.00000000e+00    -7.29764823e-02   
    8.00000000e+00    -7.29763457e-02   
