# column   1     --> step : The current simulation time step.
# column   2     --> time : The elapsed simulation time.
# column   3     --> conserved : The value of the conserved energy quantity per bead.
# column   4     --> kinetic_md : The kinetic energy of the (extended) classical system.
# column   5     --> potential : The physical system potential energy.
# cols.    6-8   --> Efield : The external applied electric field (x,y,z components in cartesian axes).
# column   9     --> Eenvelope : The (gaussian) envelope function of the external applied electric field (values go from 0 to 1).
    0.00000000e+00     0.00000000e+00     1.27656759e-07     0.00000000e+00     1.27656759e-07     0.00000000e+00   5.00000000e-02   0.00000000e+00   1.00000000e+00   
    1.00000000e+00     4.13413730e+01     9.00192109e-05     8.58902571e-05     4.12895375e-06     0.00000000e+00   3.75055544e-02   0.00000000e+00   1.00000000e+00   
    2.00000000e+00     8.26827460e+01     2.02274598e-04     1.59227063e-04     4.30475355e-05     0.00000000e+00   6.26666443e-03   0.00000000e+00   1.00000000e+00   
    3.00000000e+00     1.24024119e+02     1.69001953e-04     6.23340675e-05     1.06667885e-04    -0.00000000e+00  -2.81041654e-02  -0.00000000e+00   1.00000000e+00   
    4.00000000e+00     1.65365492e+02     1.57690087e-04     4.58017649e-05     1.11888323e-04    -0.00000000e+00  -4.84291567e-02  -0.00000000e+00   1.00000000e+00   
    5.00000000e+00     2.06706865e+02     3.87210675e-04     3.16362258e-04     7.08484162e-05    -0.00000000e+00  -4.45503294e-02  -0.00000000e+00   1.00000000e+00   
    6.00000000e+00     2.48048238e+02     6.86703968e-04     5.88113810e-04     9.85901581e-05    -0.00000000e+00  -1.84062354e-02  -0.00000000e+00   1.00000000e+00   
    7.00000000e+00     2.89389611e+02     7.11546366e-04     5.33019569e-04     1.78526797e-04     0.00000000e+00   1.69368869e-02   0.00000000e+00   1.00000000e+00   
    8.00000000e+00     3.30730984e+02     5.11282786e-04     2.96145706e-04     2.15137080e-04     0.00000000e+00   4.38153287e-02   0.00000000e+00   1.00000000e+00   
    9.00000000e+00     3.72072357e+02     4.68545314e-04     1.97025260e-04     2.71520054e-04     0.00000000e+00   4.87958408e-02   0.00000000e+00   1.00000000e+00   
    1.00000000e+01     4.13413730e+02     6.65381499e-04     2.77184905e-04     3.88196594e-04     0.00000000e+00   2.93892738e-02   0.00000000e+00   1.00000000e+00   
