# column   1     --> step : The current simulation time step.
# column   2     --> potential{electronvolt} : The physical system potential energy.
    0.00000000e+00    -1.31644693e-01   
    1.00000000e+00    -1.26786599e-01   
    2.00000000e+00    -1.21776709e-01   
    3.00000000e+00    -1.16658431e-01   
    4.00000000e+00    -1.11454852e-01   
    5.00000000e+00    -1.06188313e-01   
    6.00000000e+00    -1.00880343e-01   
    7.00000000e+00    -9.55516738e-02   
    8.00000000e+00    -9.02222605e-02   
    9.00000000e+00    -8.49112940e-02   
    1.00000000e+01    -7.96372080e-02   
    1.10000000e+01    -7.44176670e-02   
    1.20000000e+01    -6.92694951e-02   
    1.30000000e+01    -6.42082944e-02   
    1.40000000e+01    -6.32147149e-02   
    1.50000000e+01    -6.31992725e-02   
    1.60000000e+01    -6.31995100e-02   
