# column   1     --> step : The current simulation time step.
# column   2     --> time{picosecond} : The elapsed simulation time.
# column   3     --> conserved{electronvolt} : The value of the conserved energy quantity per bead.
# column   4     --> temperature{kelvin} : The current temperature, as obtained from the MD kinetic energy.
# column   5     --> kinetic_cv{electronvolt} : The centroid-virial quantum kinetic energy of the physical system.
# column   6     --> potential{electronvolt} : The physical system potential energy.
    0.00000000e+00     0.00000000e+00     2.97117165e+00     6.00000000e+01     1.93890201e-01     2.97117165e+00   
    1.00000000e+00     5.00000000e-04     2.96224833e+00     5.41152867e+02     1.93890201e-01     2.65127388e+00   
    2.00000000e+00     1.00000000e-03     2.93934540e+00     1.77579935e+03     1.93890201e-01     1.83041410e+00   
    3.00000000e+00     1.50000000e-03     2.91241474e+00     3.22822736e+03     1.93890201e-01     8.64775862e-01   
    4.00000000e+00     2.00000000e-03     2.89316460e+00     4.26863670e+03     1.93890201e-01     1.73107574e-01   
    5.00000000e+00     2.50000000e-03     2.88997123e+00     4.44697339e+03     1.93890201e-01     5.46549154e-02   
    6.00000000e+00     3.00000000e-03     2.90422547e+00     3.68874247e+03     1.93890201e-01     5.58953787e-01   
    7.00000000e+00     3.50000000e-03     2.92970942e+00     2.32739864e+03     1.93890201e-01     1.46427335e+00   
    8.00000000e+00     4.00000000e-03     2.95529638e+00     9.58862261e+02     1.93890201e-01     2.37434281e+00   
    9.00000000e+00     4.50000000e-03     2.96981495e+00     1.81388719e+02     1.93890201e-01     2.89133828e+00   
    1.00000000e+01     5.00000000e-03     2.96694265e+00     3.34457242e+02     1.93890201e-01     2.78953252e+00   
