# column   1     --> step : The current simulation time step.
# column   2     --> conserved : The value of the conserved energy quantity per bead.
# column   3     --> temperature{kelvin} : The current temperature, as obtained from the MD kinetic energy.
# column   4     --> potential{electronvolt} : The physical system potential energy.
# column   5     --> kinetic_md : The kinetic energy of the (extended) classical system.
    0.00000000e+00     4.56161415e-04     9.60294779e+01     0.00000000e+00     4.56161415e-04   
    1.00000000e+00     4.56240950e-04     8.26147127e+01     3.01277827e-04     3.92438292e-04   
    2.00000000e+00     4.56472055e-04     7.71584127e+01     1.17670444e-03     3.66519651e-04   
    3.00000000e+00     4.56896861e-04     9.37880057e+01     2.78586786e-03     4.45513923e-04   
    4.00000000e+00     4.57405538e-04     5.30171525e+01     4.71273744e-03     2.51843286e-04   
    5.00000000e+00     4.57981629e-04     4.52421074e+01     6.89497148e-03     2.14910090e-04   
    6.00000000e+00     4.58551421e-04     3.18138049e+01     9.05334458e-03     1.51122661e-04   
    7.00000000e+00     4.59022565e-04     8.70221394e+00     1.08380379e-02     4.13374550e-05   
    8.00000000e+00     4.59375582e-04     9.29826913e+00     1.21752668e-02     4.41688500e-05   
    9.00000000e+00     4.59654216e-04     5.11813336e+00     1.32307321e-02     2.43122738e-05   
    1.00000000e+01     4.59712177e-04     4.34186190e+00     1.34502908e-02     2.06248114e-05   
