# column   1     --> step : The current simulation time step.
# column   2     --> potential{electronvolt} : The physical system potential energy.
    0.00000000e+00     1.05496586e-02   
    1.00000000e+00     4.61556073e-03   
    2.00000000e+00     1.79267454e-03   
    3.00000000e+00     8.21241053e-04   
    4.00000000e+00     6.07988013e-04   
    5.00000000e+00     2.89261912e-04   
    6.00000000e+00     1.21420591e-04   
    7.00000000e+00     7.85257387e-05   
    8.00000000e+00     4.96219341e-05   
    9.00000000e+00     3.34146052e-05   
    1.00000000e+01     2.98255627e-05   
