# column   1     --> step : The current simulation time step.
# column   2     --> conserved : The value of the conserved energy quantity per bead.
# column   3     --> temperature{kelvin} : The current temperature, as obtained from the MD kinetic energy.
# column   4     --> potential{electronvolt} : The physical system potential energy.
# column   5     --> kinetic_md : The kinetic energy of the (extended) classical system.
    0.00000000e+00     4.56161415e-04     9.60294779e+01     0.00000000e+00     4.56161415e-04   
    1.00000000e+00     4.56250401e-04     7.63994967e+01     3.37077983e-04     3.62914631e-04   
    2.00000000e+00     4.56507130e-04     6.89730547e+01     1.30956877e-03     3.27637377e-04   
    3.00000000e+00     4.56846455e-04     4.86998445e+01     2.59493180e-03     2.31335112e-04   
    4.00000000e+00     4.57217165e-04     4.30224594e+01     3.99918225e-03     2.04366268e-04   
    5.00000000e+00     4.57656052e-04     3.65234014e+01     5.66168593e-03     1.73494294e-04   
    6.00000000e+00     4.58056212e-04     1.96718957e+01     7.17749061e-03     9.34458877e-05   
    7.00000000e+00     4.58373776e-04     7.16983019e+00     8.38042596e-03     3.40582909e-05   
    8.00000000e+00     4.58556308e-04     4.38001124e-01     9.07185551e-03     2.08060292e-06   
    9.00000000e+00     4.58575123e-04     3.11138237e-01     9.14312743e-03     1.47797595e-06   
    1.00000000e+01     4.58411843e-04     6.05151396e+00     8.52462309e-03     2.87460396e-05   
