# column   1     --> step : The current simulation time step.
# column   2     --> time{femtosecond} : The elapsed simulation time.
# column   3     --> conserved : The value of the conserved energy quantity per bead.
# column   4     --> temperature{kelvin} : The current temperature, as obtained from the MD kinetic energy.
# column   5     --> virial_fq : The scalar product of force and position.
# column   6     --> kinetic_td : The primitive quantum kinetic energy of the physical system.
    0.00000000e+00     0.00000000e+00     1.99493969e-03     1.90399136e+01    -2.67510424e-04     1.13061163e-03   
    1.00000000e+02     1.00000000e+02     1.99494339e-03     1.72561964e+01    -4.39751348e-04     7.30796344e-04   
    2.00000000e+02     2.00000000e+02     1.99494444e-03     1.30714672e+01    -5.49149060e-04     6.57362500e-04   
    3.00000000e+02     3.00000000e+02     1.99494765e-03     1.80913624e+01    -7.02721885e-04     3.04891291e-04   
    4.00000000e+02     4.00000000e+02     1.99494561e-03     2.20722418e+01    -6.03368508e-04     5.23282279e-04   
    5.00000000e+02     5.00000000e+02     1.99494363e-03     1.94895188e+01    -4.49242837e-04     6.85565521e-04   
    6.00000000e+02     6.00000000e+02     1.99494523e-03     2.33711349e+01    -4.21558341e-04     4.25950670e-04   
    7.00000000e+02     7.00000000e+02     1.99494918e-03     1.17464918e+01    -4.41584689e-04    -1.08688549e-04   
    8.00000000e+02     8.00000000e+02     1.99494456e-03     1.80522036e+01    -3.11025237e-04     4.53527689e-04   
    9.00000000e+02     9.00000000e+02     1.99494363e-03     1.50602602e+01    -3.34171278e-04     6.00418285e-04   
    1.00000000e+03     1.00000000e+03     1.99494707e-03     1.18690386e+01    -4.33944004e-04     1.91342052e-04   
