# column   1     --> step : The current simulation time step.
# column   2     --> potential{electronvolt} : The physical system potential energy.
    0.00000000e+00    -3.02631856e-02   
    1.00000000e+00    -2.75982230e-02   
    2.00000000e+00    -2.50069085e-02   
    3.00000000e+00    -2.24998187e-02   
    4.00000000e+00    -2.00869418e-02   
    5.00000000e+00    -1.77776703e-02   
    6.00000000e+00    -1.55807923e-02   
    7.00000000e+00    -1.35044827e-02   
    8.00000000e+00    -1.15562946e-02   
    9.00000000e+00    -9.74314839e-03   
    1.00000000e+01    -8.07132090e-03   
    1.10000000e+01    -6.54643207e-03   
    1.20000000e+01    -5.17342931e-03   
    1.30000000e+01    -3.95656778e-03   
    1.40000000e+01    -2.89938456e-03   
    1.50000000e+01    -2.00466260e-03   
    1.60000000e+01    -1.27437683e-03   
    1.70000000e+01    -7.09606200e-04   
    1.80000000e+01    -3.10371224e-04   
    1.90000000e+01    -7.52701680e-05   
    2.00000000e+01    -2.78868331e-07   
    2.10000000e+01    -3.39514938e-09   
    2.20000000e+01    -7.11795505e-11   
