# column   1     --> step : The current simulation time step.
# column   2     --> time{picosecond} : The elapsed simulation time.
# column   3     --> conserved : The value of the conserved energy quantity per bead.
# column   4     --> temperature{kelvin} : The current temperature, as obtained from the MD kinetic energy.
# column   5     --> potential : The physical system potential energy.
# column   6     --> pressure_md{bar} : The pressure of the (extended) classical system.
# column   7     --> volume : The volume of the cell box.
    0.00000000e+00     0.00000000e+00    -1.09303818e+00     3.06943821e+02    -2.04400580e+00    -2.08913607e+03     4.37369880e+04   
    2.00000000e+00     1.00000000e-03    -1.10502261e+00     4.15313319e+02    -2.41157276e+00    -4.71489111e+03     4.37356814e+04   
    4.00000000e+00     2.00000000e-03    -1.11605581e+00     5.44332769e+02    -2.89454730e+00    -6.82080867e+03     4.37302571e+04   
    6.00000000e+00     3.00000000e-03    -1.11447080e+00     5.07914391e+02    -2.85524739e+00    -1.17812942e+03     4.37136394e+04   
    8.00000000e+00     4.00000000e-03    -1.10163975e+00     3.71799751e+02    -2.47197989e+00     7.50646938e+03     4.36953063e+04   
    1.00000000e+01     5.00000000e-03    -1.10059605e+00     3.70973913e+02    -2.48909256e+00     8.24566330e+03     4.36818932e+04   
