# column   1     --> step : The current simulation time step.
# column   2     --> potential{electronvolt} : The physical system potential energy.
    0.00000000e+00     1.35078549e+01   
    1.00000000e+00     2.79826405e-22   
    2.00000000e+00     2.79826405e-22   
