# column   1     --> step : The current simulation time step.
# column   2     --> potential{electronvolt} : The physical system potential energy.
# column   3     --> ensemble_bias{electronvolt} : The bias applied to the current ensemble
    0.00000000e+00     3.25615492e-02     4.31033085e+00   
    1.00000000e+01     2.98085379e+00     2.30964185e-01   
    2.00000000e+01     8.25580153e-01     2.10170212e+00   
    3.00000000e+01     2.28081628e+00     5.14931223e-01   
    4.00000000e+01     9.69291798e-01     1.63948920e+00   
    5.00000000e+01     1.74743959e+00     9.00071457e-01   
    6.00000000e+01     1.62576266e+00     9.73399614e-01   
    7.00000000e+01     1.39149390e+00     1.15067255e+00   
    8.00000000e+01     1.44091236e+00     1.10196105e+00   
    9.00000000e+01     1.14348946e+00     1.41818509e+00   
    1.00000000e+02     1.37586058e+00     1.16128765e+00   
