# column   1     --> step : The current simulation time step.
# column   2     --> potential{electronvolt} : The physical system potential energy.
    0.00000000e+00     3.25615492e-02   
    1.00000000e+00     1.29920481e-02   
    2.00000000e+00     7.03267690e-03   
    3.00000000e+00     3.60541588e-04   
    4.00000000e+00     4.41149164e-05   
    5.00000000e+00     3.52551315e-06   
    6.00000000e+00     3.47312380e-06   
    7.00000000e+00     3.47310408e-06   
