# column   1     --> step : The current simulation time step.
# column   2     --> conserved : The value of the conserved energy quantity per bead.
# column   3     --> temperature{kelvin} : The current temperature, as obtained from the MD kinetic energy.
# column   4     --> potential : The physical system potential energy.
# column   5     --> kinetic_md : The kinetic energy of the (extended) classical system.
# column   6     --> kinetic_cv : The centroid-virial quantum kinetic energy of the physical system.
# column   7     --> spring : The total spring potential energy between the beads of all the ring polymers in the system.
    0.00000000e+00     6.35780316e-03     2.23070349e+02     0.00000000e+00     6.35780316e-03     1.42506684e-03     0.00000000e+00   
    1.00000000e+00     6.35780296e-03     2.31914508e+02    -5.65993064e-07     6.60987351e-03     1.42462097e-03     6.95021353e-06   
    2.00000000e+00     6.35780238e-03     2.33223878e+02    -2.26975343e-06     6.64719229e-03     1.42326944e-03     2.70489813e-05   
    3.00000000e+00     6.35780149e-03     2.37934296e+02    -4.96443218e-06     6.78144551e-03     1.42116866e-03     5.82911069e-05   
    4.00000000e+00     6.35780003e-03     2.99164208e+02    -8.92678344e-06     8.52657984e-03     1.41805927e-03     1.08679415e-04   
    5.00000000e+00     6.35779779e-03     3.42546530e+02    -1.44148370e-05     9.76303403e-03     1.41366630e-03     1.85880451e-04   
    6.00000000e+00     6.35779511e-03     2.23772004e+02    -2.05092062e-05     6.37780126e-03     1.40892867e-03     2.78542708e-04   
    7.00000000e+00     6.35779232e-03     2.37196774e+02    -2.71290168e-05     6.76042514e-03     1.40386294e-03     3.74289591e-04   
    8.00000000e+00     6.35778946e-03     2.64135442e+02    -3.44263171e-05     7.52821320e-03     1.39832346e-03     4.74129688e-04   
    9.00000000e+00     6.35778593e-03     2.04425919e+02    -4.30133815e-05     5.82641196e-03     1.39172945e-03     5.95930472e-04   
