# column   1     --> step : The current simulation time step.
# column   2     --> time{picosecond} : The elapsed simulation time.
# column   3     --> conserved : The value of the conserved energy quantity per bead.
# column   4     --> potential : The physical system potential energy.
# column   5     --> kinetic_cv(2) : The centroid-virial quantum kinetic energy of the physical system.
# column   6     --> kinetic_cv(1) : The centroid-virial quantum kinetic energy of the physical system.
# column   7     --> kinetic_td(2) : The primitive quantum kinetic energy of the physical system.
# column   8     --> kinetic_td(1) : The primitive quantum kinetic energy of the physical system.
# column   9     --> spring : The total spring potential energy between the beads of all the ring polymers in the system.
    0.00000000e+00     0.00000000e+00     1.19661499e-03     1.19661499e-03     4.75022280e-04     4.75022280e-04     7.60035648e-03     7.60035648e-03     1.39960480e-29   
    1.00000000e+00     5.00000000e-04     1.19838047e-03     1.24900431e-03     5.47229811e-04     5.36631531e-04     7.56153069e-03     7.57070974e-03     9.22861510e-05   
    2.00000000e+00     1.00000000e-03     1.19804984e-03     1.26227509e-03     7.26585339e-04     7.74373987e-04     7.44871870e-03     7.47458854e-03     3.52095827e-04   
    3.00000000e+00     1.50000000e-03     1.20229435e-03     1.38934536e-03     1.00419986e-03     1.03838796e-03     7.31370654e-03     7.29362330e-03     7.74783222e-04   
    4.00000000e+00     2.00000000e-03     1.22458114e-03     2.07966199e-03     1.38841738e-03     1.03574880e-03     7.03761718e-03     7.01586937e-03     1.55919742e-03   
    5.00000000e+00     2.50000000e-03     1.30644433e-03     3.72457470e-03     2.09494779e-03     1.32291666e-03     6.64666054e-03     6.71225547e-03     2.40305384e-03   
    6.00000000e+00     3.00000000e-03     1.38404411e-03     5.38606537e-03     2.42082048e-03     1.73582574e-03     6.31042568e-03     6.50768855e-03     3.11731101e-03   
    7.00000000e+00     3.50000000e-03     1.43333563e-03     6.55377003e-03     2.88813531e-03     2.34795050e-03     5.82493362e-03     6.26098111e-03     4.01680755e-03   
    8.00000000e+00     4.00000000e-03     1.45552682e-03     7.24365242e-03     3.82634527e-03     2.69008704e-03     5.38162412e-03     5.97506823e-03     4.96131684e-03   
    9.00000000e+00     4.50000000e-03     1.45217915e-03     7.31623940e-03     4.12709825e-03     2.95868727e-03     5.09650542e-03     5.69022564e-03     5.59830047e-03   
    1.00000000e+01     5.00000000e-03     1.44918888e-03     7.17608014e-03     3.68705767e-03     3.64523483e-03     4.92647003e-03     5.21221168e-03     6.54878949e-03   
