# column   1     --> step : The current simulation time step.
# column   2     --> potential{electronvolt} : The physical system potential energy.
    0.00000000e+00     3.25615492e-02   
    1.00000000e+00     1.53221743e-02   
    2.00000000e+00     8.07273219e-03   
    3.00000000e+00     2.69155760e-03   
    4.00000000e+00     1.45110821e-04   
    5.00000000e+00     8.91372287e-06   
    6.00000000e+00     3.49233732e-06   
    7.00000000e+00     3.47312686e-06   
    8.00000000e+00     3.47310432e-06   
