# column   1     --> step : The current simulation time step.
# column   2     --> time{picosecond} : The elapsed simulation time.
# column   3     --> conserved : The value of the conserved energy quantity per bead.
# column   4     --> temperature{kelvin} : The current temperature, as obtained from the MD kinetic energy.
# column   5     --> potential : The physical system potential energy.
# column   6     --> pressure_md{bar} : The pressure of the (extended) classical system.
# column   7     --> volume : The volume of the cell box.
    0.00000000e+00     0.00000000e+00    -1.12205884e+00     2.98097912e+02    -2.04400580e+00    -2.21124917e+03     4.37369880e+04   
    1.00000000e+00     5.00000000e-04    -1.12423205e+00     3.26950730e+02    -2.12751066e+00    -2.30405403e+03     4.37366541e+04   
    2.00000000e+00     1.00000000e-03    -1.13183651e+00     4.05029511e+02    -2.38240298e+00    -3.82259936e+03     4.37362710e+04   
    3.00000000e+00     1.50000000e-03    -1.13996359e+00     4.92098012e+02    -2.68948120e+00    -5.61789016e+03     4.37346621e+04   
    4.00000000e+00     2.00000000e-03    -1.14502039e+00     5.59682261e+02    -2.92172031e+00    -6.19473670e+03     4.37330328e+04   
    5.00000000e+00     2.50000000e-03    -1.14616175e+00     5.68093475e+02    -3.00201830e+00    -4.89771495e+03     4.37296853e+04   
    6.00000000e+00     3.00000000e-03    -1.14343516e+00     5.24576710e+02    -2.91944779e+00    -1.69887356e+03     4.37253906e+04   
    7.00000000e+00     3.50000000e-03    -1.13733109e+00     4.61025975e+02    -2.72840927e+00     2.61701603e+03     4.37209547e+04   
    8.00000000e+00     4.00000000e-03    -1.13043733e+00     3.82545740e+02    -2.53322454e+00     6.10257007e+03     4.37179064e+04   
    9.00000000e+00     4.50000000e-03    -1.12730355e+00     3.51177240e+02    -2.44551550e+00     7.69248060e+03     4.37165643e+04   
    1.00000000e+01     5.00000000e-03    -1.12981626e+00     3.66373231e+02    -2.51481617e+00     6.54739200e+03     4.37168849e+04   
