# column   1     --> step : The current simulation time step.
# column   2     --> potential{electronvolt} : The physical system potential energy.
    0.00000000e+00     1.35078549e+01   
    1.00000000e+00     1.03759679e+01   
    2.00000000e+00     7.30371400e+00   
    3.00000000e+00     2.77307815e+00   
    4.00000000e+00     5.86425761e-30   
    5.00000000e+00     2.58213642e-31   
